Name Aged Brie SellIn 1 Quality 1
Name Aged Brie SellIn -3 Quality 5
Name Aged Brie SellIn -2 Quality 51
Name Aged Brie SellIn 3 Quality 0
Name Sulfuras, Hand of Ragnaros SellIn 0 Quality 80
Name Sulfuras, Hand of Ragnaros SellIn 10 Quality 50
Name Cool elixir SellIn -3 Quality 1
Name +5 Dexterity Vest SellIn 9 Quality 19
Name Elixir of the Mongoose SellIn 4 Quality 6
Name Elixir of the Mongoose SellIn 4 Quality -1
Name Elixir of the Mongoose SellIn -3 Quality 3
Name Elixir of the Mongoose SellIn -1 Quality 3
Name Backstage passes to a TAFKAL80ETC concert SellIn 14 Quality 21
Name Backstage passes to a TAFKAL80ETC concert SellIn 1 Quality 13
Name Backstage passes to a TAFKAL80ETC concert SellIn -3 Quality 0
Name Backstage passes to a TAFKAL80ETC concert SellIn -3 Quality 0
Name Backstage passes to a TAFKAL80ETC concert SellIn -3 Quality 0
Name Backstage passes to a TAFKAL80ETC concert SellIn 6 Quality 32
